// Vitest Snapshot v1, https://vitest.dev/guide/snapshot.html

exports[`Identifier > a\\u0065 1`] = `
{
  "body": [
    {
      "end": 7,
      "expression": {
        "end": 7,
        "loc": {
          "end": {
            "column": 7,
            "line": 1,
          },
          "start": {
            "column": 0,
            "line": 1,
          },
        },
        "name": "ae",
        "range": [
          0,
          7,
        ],
        "start": 0,
        "type": "Identifier",
      },
      "loc": {
        "end": {
          "column": 7,
          "line": 1,
        },
        "start": {
          "column": 0,
          "line": 1,
        },
      },
      "range": [
        0,
        7,
      ],
      "start": 0,
      "type": "ExpressionStatement",
    },
  ],
  "end": 7,
  "loc": {
    "end": {
      "column": 7,
      "line": 1,
    },
    "start": {
      "column": 0,
      "line": 1,
    },
  },
  "range": [
    0,
    7,
  ],
  "sourceType": "script",
  "start": 0,
  "type": "Program",
}
`;
